[12.trendndaily.com/indexe5c3.html]
[assets.trendndaily.com/images/asts-fevicon.png]
[backblue.gif]
[fade.gif]
[index.html]
[12.trendndaily.com/event/image2182.png]
[12.trendndaily.com/event/image7761.png]
[assets.trendndaily.com/css/pubgiveaway-cta-processing.css]
[12.trendndaily.com/event/imagee2c6.png]
[assets.trendndaily.com/images/dynamic-templating/tnd_shoes/ls-icon.png]
[assets.trendndaily.com/images/dynamic-templating/tnd_shoes/tick.png]
[assets.trendndaily.com/creatives/uc/branding/29/TnD1000Cashapp/default/tnd1000cashapp.png]
[12.trendndaily.com/js/config.js]
[assets.trendndaily.com/js/leadgen.js]
[assets.trendndaily.com/js/app.js]
[assets.trendndaily.com/js/lander.js]
[assets.trendndaily.com/js/register.js]
[12.trendndaily.com/indexe5c3.html]
[assets.trendndaily.com/js/dynamic-disclaimer.js]
[assets.trendndaily.com/images/validated-ab.png]
[assets.trendndaily.com/images/dynamic-templating/tnd_shoes/left-arr.png]
[assets.trendndaily.com/images/dynamic-templating/tnd_shoes/right-arr.png]
[assets.trendndaily.com/images/personalized-flow/personaliz-img-left-arrow.png]
[assets.trendndaily.com/images/personalized-flow/personaliz-img-right-arrow.png]
[assets.trendndaily.com/images/personalized-flow/selected-theme-icon.png]
[assets.trendndaily.com/css/pubgiveaway-cta-processing.css]
